---
source: crates/ouroboros/src/kes/mod.rs
assertion_line: 197
expression: "hex::encode(unsafe { kes_sk.leak_into_bytes() })"
---
68b77b6e61925be0499d1445fd9210cec5bdfd5dd92662802eb2720ff70bc68fd8964580ff18bd2b232eb716dfbbeef82e2844b466ddd5dacaad9f15d3c753b348354141e973d039b1147c48e71e5b7cadc6deb28c86e4ae4fc26e8bbe1695c3374d4eb1094a7a698722894301546466c750947778b18ac3270397efd2eced4d25ced55d2bd2c09e7c0fa7b849d41787ca11defc91609d930a9870881a56a587bff20b2c5c59f63ccb008be495917da3fcae536d05401b6771bb1f9356f031b3ddadbffbc426a9a23e34274b187f7e93892e990644f6273772a02d3e38bee7459ed6a9bb5760fe012e47a2e75880125e7fb072b2b7a626a5375e2039d8d748cb8ad4dd02697250d3155eee39308ecc2925405a8c15e1cbe556cc4315d43ee5101003639bcb33bd6e27da3885888d7cca20b05cadbaa53941ef5282cde8f377c3bd0bf732cfac6b5d4d5597a1f72d81bc0d8af634a4c760b309fe8959bbde666ff10310377b313860bd52d56fd7cb149633beb1eb2e0076111df61e570a042f7cebae74a8de298a6f114938946230db42651ea4eddf5df2d7d2f3016464073da8a9dc715817b43586a61874e576da7b47a2bb6c2e19d4cbd5b1b39a24427e89b812cce6d30e0506e207f1eaab313c45a236068ea319958474237a5ffe02736e1c51c02a05999816c9253a557f09375c83acf5d7250f3bbc638e10c58fb274e2002eed841ecef6a9cbc57c3157a7c3cf47e66b1741e8173b6676ac973bc9715027a3225087cabad45407b891416330485891dc9a3875488a26428d20d581b629a8f4f42e3aa00cbcaae6c8e2b8f3fe033b874d1de6a3f8c321c92b77643f00d28e00000000
