---
source: crates/ouroboros/src/consensus/test.rs
assertion_line: 117
expression: test_vector
---
- pool_id_str: 00beef0a9be2f6d897ed24a613cf547bb20cd282a04edfc53d477114
  vrf_vkey_hash_str: c0d1f9b040d2f6fd7fc8775d24753d6db4b697429f11404a6178a0a4a005867b
  epoch_nonce_str: c7937fc47fecbe687891b3decd71e904d1e129598aa3852481d295eea3ea3ada
  numerator: 25626202470912
  denominator: 22586623335121436
  expected:
    Ok: ~
- pool_id_str: 00beef0a9be2f6d897ed24a613cf547bb20cd282a04edfc53d477114
  vrf_vkey_hash_str: c0d1f9b040d2f6fd7fc8775d24753d6db4b697429f11404a6178a0a4a005867b
  epoch_nonce_str: c7937fc47fecbe687891b3decd71e904d1e129598aa3852481d295eea3ea3ada
  numerator: 6026202470912
  denominator: 22586623335121436
  expected:
    Err: InsufficientPoolStake
