---
source: crates/ouroboros/src/kes/mod.rs
assertion_line: 205
expression: "hex::encode(unsafe { kes_sk.leak_into_bytes() })"
---
ba1aacc52e63e6121c2a205ecb5ae8f34a6e49bcc24254ca495a4affcd27fd869dd961c480648623218bf9b5f69d557547586a4fca8391092c59e27ef6a0584f7bc8e482396722f2a0a36fc2ac660eb44d8f5a5cf6916bba31afda77ef53364ea5ea39cc7e01d4ec1fce69c4b1f359781f460f373b9a81e7d3034b5baa3853840000000000000000000000000000000000000000000000000000000000000000bff20b2c5c59f63ccb008be495917da3fcae536d05401b6771bb1f9356f031b3ddadbffbc426a9a23e34274b187f7e93892e990644f6273772a02d3e38bee7459ed6a9bb5760fe012e47a2e75880125e7fb072b2b7a626a5375e2039d8d748cb8ad4dd02697250d3155eee39308ecc2925405a8c15e1cbe556cc4315d43ee5101003639bcb33bd6e27da3885888d7cca20b05cadbaa53941ef5282cde8f377c3bd0bf732cfac6b5d4d5597a1f72d81bc0d8af634a4c760b309fe8959bbde666ff10310377b313860bd52d56fd7cb149633beb1eb2e0076111df61e570a042f7cebae74a8de298a6f114938946230db42651ea4eddf5df2d7d2f3016464073da8a9dc715817b43586a61874e576da7b47a2bb6c2e19d4cbd5b1b39a24427e89b812cce6d30e0506e207f1eaab313c45a236068ea319958474237a5ffe02736e1c51c02a05999816c9253a557f09375c83acf5d7250f3bbc638e10c58fb274e2002eed841ecef6a9cbc57c3157a7c3cf47e66b1741e8173b6676ac973bc9715027a3225087cabad45407b891416330485891dc9a3875488a26428d20d581b629a8f4f42e3aa00cbcaae6c8e2b8f3fe033b874d1de6a3f8c321c92b77643f00d28e00000002
